  cal_tab.c
C:\Users\swu\Downloads\cal_tab.c(1,1): warning C4819: 현재 코드 페이지(949)에서 표시할 수 없는 문자가 파일에 들어 있습니다. 데이터가 손실되지 않게 하려면 해당 파일을 유니코드 형식으로 저장하십시오.
\bison.simple(377,16): warning C4013: 'yylex'이(가) 정의되지 않았습니다. extern은 int형을 반환하는 것으로 간주합니다.
  (소스 파일 '../../../../Downloads/cal_tab.c'을(를) 컴파일하는 중)
  
\bison.simple(289,31): warning C4244: '초기화 중': '__int64'에서 'int'(으)로 변환하면서 데이터가 손실될 수 있습니다.
  (소스 파일 '../../../../Downloads/cal_tab.c'을(를) 컴파일하는 중)
  
\cal.y(37,26): warning C4028: 정식 매개 변수 1이(가) 선언과 다릅니다.
  (소스 파일 '../../../../Downloads/cal_tab.c'을(를) 컴파일하는 중)
  
\cal.y(40,2): warning C4098: 'yyerror': 'void' 함수에서 값을 반환하고 있습니다.
  (소스 파일 '../../../../Downloads/cal_tab.c'을(를) 컴파일하는 중)
  
  lex.yy.c
C:\Users\swu\Downloads\lex.yy.c(1,1): warning C4819: 현재 코드 페이지(949)에서 표시할 수 없는 문자가 파일에 들어 있습니다. 데이터가 손실되지 않게 하려면 해당 파일을 유니코드 형식으로 저장하십시오.
\lex.yy.c(874,3): warning C4267: '=': 'size_t'에서 'int'(으)로 변환하면서 데이터가 손실될 수 있습니다.
  (소스 파일 '../../../../Downloads/lex.yy.c'을(를) 컴파일하는 중)
  
\lex.yy.c(1041,28): warning C4244: '초기화 중': '__int64'에서 'int'(으)로 변환하면서 데이터가 손실될 수 있습니다.
  (소스 파일 '../../../../Downloads/lex.yy.c'을(를) 컴파일하는 중)
  
\lex.yy.c(1228,41): warning C4996: 'fileno': The POSIX name for this item is deprecated. Instead, use the ISO C and C++ conformant name: _fileno. See online help for details.
  (소스 파일 '../../../../Downloads/lex.yy.c'을(를) 컴파일하는 중)
  
  코드를 생성하고 있습니다...
  YACC_Practice.vcxproj -> C:\Users\swu\Documents\GitHub\Compiler\x64\Debug\YACC_Practice.exe
