  lex.yy.c
\MiniC.l(22,8): error C2065: 'TCHAR': 선언되지 않은 식별자입니다.
  (소스 파일 '../../../Downloads/lex.yy.c'을(를) 컴파일하는 중)
  
\MiniC.l(23,8): error C2065: 'TFLOAT': 선언되지 않은 식별자입니다.
  (소스 파일 '../../../../Downloads/lex.yy.c'을(를) 컴파일하는 중)
  
\MiniC.l(43,13): warning C4047: '함수': 'int *(__cdecl *)()'의 간접 참조 수준이 'int'과(와) 다릅니다.
  (소스 파일 '../../../../Downloads/lex.yy.c'을(를) 컴파일하는 중)
  
\MiniC.l(43,13): warning C4024: 'print_error': 형식 및 실제 매개 변수 1의 형식이 서로 다릅니다.
  (소스 파일 '../../../../Downloads/lex.yy.c'을(를) 컴파일하는 중)
  
\MiniC.l(44,30): warning C4047: '함수': 'int *(__cdecl *)()'의 간접 참조 수준이 'int'과(와) 다릅니다.
  (소스 파일 '../../../../Downloads/lex.yy.c'을(를) 컴파일하는 중)
  
\MiniC.l(44,30): warning C4024: 'print_error': 형식 및 실제 매개 변수 1의 형식이 서로 다릅니다.
  (소스 파일 '../../../../Downloads/lex.yy.c'을(를) 컴파일하는 중)
  
\MiniC.l(44,41): error C2065: 'TERROR': 선언되지 않은 식별자입니다.
  (소스 파일 '../../../../Downloads/lex.yy.c'을(를) 컴파일하는 중)
  
\MiniC.l(47,8): error C2065: 'TINTNUM': 선언되지 않은 식별자입니다.
  (소스 파일 '../../../../Downloads/lex.yy.c'을(를) 컴파일하는 중)
  
\MiniC.l(48,8): error C2065: 'TFLOATNUM': 선언되지 않은 식별자입니다.
  (소스 파일 '../../../../Downloads/lex.yy.c'을(를) 컴파일하는 중)
  
\MiniC.l(49,8): error C2065: 'TSTRING': 선언되지 않은 식별자입니다.
  (소스 파일 '../../../../Downloads/lex.yy.c'을(를) 컴파일하는 중)
  
\MiniC.l(61,8): error C2065: 'TDOT': 선언되지 않은 식별자입니다.
  (소스 파일 '../../../../Downloads/lex.yy.c'을(를) 컴파일하는 중)
  
\MiniC.l(63,13): warning C4047: '함수': 'int *(__cdecl *)()'의 간접 참조 수준이 'int'과(와) 다릅니다.
  (소스 파일 '../../../../Downloads/lex.yy.c'을(를) 컴파일하는 중)
  
\MiniC.l(63,13): warning C4024: 'print_error': 형식 및 실제 매개 변수 1의 형식이 서로 다릅니다.
  (소스 파일 '../../../../Downloads/lex.yy.c'을(를) 컴파일하는 중)
  
\lex.yy.c(1194,3): warning C4267: '=': 'size_t'에서 'int'(으)로 변환하면서 데이터가 손실될 수 있습니다.
  (소스 파일 '../../../../Downloads/lex.yy.c'을(를) 컴파일하는 중)
  
\lex.yy.c(1361,28): warning C4244: '초기화 중': '__int64'에서 'int'(으)로 변환하면서 데이터가 손실될 수 있습니다.
  (소스 파일 '../../../../Downloads/lex.yy.c'을(를) 컴파일하는 중)
  
\lex.yy.c(1548,41): warning C4996: 'fileno': The POSIX name for this item is deprecated. Instead, use the ISO C and C++ conformant name: _fileno. See online help for details.
  (소스 파일 '../../../../Downloads/lex.yy.c'을(를) 컴파일하는 중)
  
  parser_tab.c
\bison.simple(317,4): warning C4013: 'yyerror'이(가) 정의되지 않았습니다. extern은 int형을 반환하는 것으로 간주합니다.
  (소스 파일 '../../../../Downloads/parser_tab.c'을(를) 컴파일하는 중)
  
\bison.simple(377,16): warning C4013: 'yylex'이(가) 정의되지 않았습니다. extern은 int형을 반환하는 것으로 간주합니다.
  (소스 파일 '../../../../Downloads/parser_tab.c'을(를) 컴파일하는 중)
  
\bison.simple(289,31): warning C4244: '초기화 중': '__int64'에서 'int'(으)로 변환하면서 데이터가 손실될 수 있습니다.
  (소스 파일 '../../../../Downloads/parser_tab.c'을(를) 컴파일하는 중)
  
  코드를 생성하고 있습니다...
